1╭─ <custom data="${
 │  ││      │   │╰─ attrValue.value "\"${\nabc\n}\""
 │  ││      │   ╰─ attrValue "=\"${\nabc\n}\""
 │  ││      ╰─ attrName "data"
 │  │╰─ tagName "custom"
 ╰─ ╰─ openTagStart
2├─ abc
3╭─ }"></custom>
 │    ││ │     ╰─ closeTagEnd(custom)
 │    ││ ╰─ closeTagName "custom"
 │    │╰─ closeTagStart "</"
 ╰─   ╰─ openTagEnd