1╭─ span#${data.foo}
 │  │   ││          ├─ closeTagEnd(span)
 │  │   ││          ├─ openTagEnd
 │  │   ││          ╰─ tagShorthandId.quasis[1]
 │  │   │├─ tagShorthandId.expressions[0] "${data.foo}"
 │  │   │╰─ tagShorthandId.quasis[0]
 │  │   ╰─ tagShorthandId "#${data.foo}"
 ╰─ ╰─ tagName "span"