1╭─ <a data=((a-b)/2 + ')')></a>
 │  ││ │   ││              ││ │╰─ closeTagEnd(a)
 │  ││ │   ││              ││ ╰─ closeTagName
 │  ││ │   ││              │╰─ closeTagStart "</"
 │  ││ │   ││              ╰─ openTagEnd
 │  ││ │   │╰─ attrValue.value "((a-b)/2 + ')')"
 │  ││ │   ╰─ attrValue "=((a-b)/2 + ')')"
 │  ││ ╰─ attrName "data"
 │  │╰─ tagName
 ╰─ ╰─ openTagStart