1╭─ <?xml version="1.0"
 ╰─ ╰─ error(MALFORMED_DECLARATION:EOF reached while parsing declaration)