1╭─ span.${data.foo}
 │  │   ││          ├─ closeTag(span)
 │  │   ││          ├─ openTagEnd
 │  │   ││          ╰─ tagShorthandClass.quasis[1]
 │  │   │├─ tagShorthandClass.expressions[0] "${data.foo}"
 │  │   │╰─ tagShorthandClass.quasis[0]
 │  │   ╰─ tagShorthandClass ".${data.foo}"
 ╰─ ╰─ tagName "span"