1╭─ script
 ╰─ ╰─ tagName "script"
2╭─     p - This is not allowed
 │  │   ╰─ error(ILLEGAL_LINE_START:A line within a tag that only allows text content must begin with a "-" character)
 ╰─ ╰─ openTagEnd(script)
3╰─ div