1╭─ div
 ╰─ ╰─ tagName "div"
2╭─   // This is a single line comment
 │  │ │ ╰─ comment.value " This is a single line comment"
 │  │ ╰─ comment "// This is a single line comment"
 ╰─ ╰─ openTagEnd
3╭─   -- This is the body of the div tag
 │       │                              ╰─ closeTagEnd(div)
 ╰─      ╰─ text "This is the body of the div tag"