1╭─ <hello message=`Hello
 │  ││     │       ╰─ error(INVALID_TEMPLATE_STRING:EOF reached while parsing template string expression)
 │  ││     ╰─ attrName "message"
 │  │╰─ tagName "hello"
 ╰─ ╰─ openTagStart
2╰─     ${foo}!></hello>