1╭─ $ {
2╭─     /
 ╰─     ╰─ error(INVALID_REGULAR_EXPRESSION:EOL reached while parsing regular expression)
3╰─ }