1╭─ -- ${"Hello ${data.name}!"}
 │     │ ╰─ placeholder:escape.value "\"Hello ${data.name}!\""
 ╰─    ╰─ placeholder:escape "${\"Hello ${data.name}!\"}"