1╭─ <script>Hello $!{abc
 │  ││     ││        ╰─ error(MALFORMED_PLACEHOLDER:EOF reached while parsing placeholder)
 │  ││     │╰─ text "Hello "
 │  ││     ╰─ openTagEnd
 │  │╰─ tagName "script"
 ╰─ ╰─ openTagStart