1╭─ ---
2╭─ test
 ╰─ ╰─ text "\ntest\n"
3├─ ---
4╰─ 