1╭─ <div foo="bar" /*this is a comment*/ hello="world" /* this is another comment */ ></div>
 │  ││   │  ││                           │    ││                                     ││ │  ╰─ closeTagEnd(div)
 │  ││   │  ││                           │    ││                                     ││ ╰─ closeTagName "div"
 │  ││   │  ││                           │    ││                                     │╰─ closeTagStart "</"
 │  ││   │  ││                           │    ││                                     ╰─ openTagEnd
 │  ││   │  ││                           │    │╰─ attrValue.value "\"world\""
 │  ││   │  ││                           │    ╰─ attrValue "=\"world\""
 │  ││   │  ││                           ╰─ attrName "hello"
 │  ││   │  │╰─ attrValue.value "\"bar\""
 │  ││   │  ╰─ attrValue "=\"bar\""
 │  ││   ╰─ attrName "foo"
 │  │╰─ tagName "div"
 ╰─ ╰─ openTagStart
2╭─ <div foo="bar" // this is a test
 │  ││   │  │╰─ attrValue.value "\"bar\""
 │  ││   │  ╰─ attrValue "=\"bar\""
 │  ││   ╰─ attrName "foo"
 │  │╰─ tagName "div"
 ╰─ ╰─ openTagStart
3╭─      hello="world" // this is another test
 │       │    │╰─ attrValue.value "\"world\""
 │       │    ╰─ attrValue "=\"world\""
 ╰─      ╰─ attrName "hello"
4╭─ ></div>
 │  ││ │  ╰─ closeTagEnd(div)
 │  ││ ╰─ closeTagName "div"
 │  │╰─ closeTagStart "</"
 ╰─ ╰─ openTagEnd