1╭─ <${x}(y)/>
 │   │   ││ ╰─ openTagEnd:selfClosed "/>"
 │   │   │╰─ tagArgs.value
 │   │   ├─ tagArgs "(y)"
 │   │   ╰─ tagName.quasis[1]
 │   ├─ tagName.expressions[0] "${x}"
 │   ├─ tagName.quasis[0]
 ╰─  ╰─ tagName "${x}"
2╭─ <${x}|y|/>
 │   │   ││ ╰─ openTagEnd:selfClosed "/>"
 │   │   │╰─ tagParams.value
 │   │   ├─ tagParams "|y|"
 │   │   ╰─ tagName.quasis[1]
 │   ├─ tagName.expressions[0] "${x}"
 │   ├─ tagName.quasis[0]
 ╰─  ╰─ tagName "${x}"
3╭─ <tag.x(y)/>
 │   │  ││││ ╰─ openTagEnd:selfClosed "/>"
 │   │  │││╰─ tagArgs.value
 │   │  ││╰─ tagArgs "(y)"
 │   │  │╰─ tagShorthandClass.quasis[0]
 │   │  ╰─ tagShorthandClass ".x"
 ╰─  ╰─ tagName "tag"
4╭─ <tag.x|y|/>
 │   │  ││││ ╰─ openTagEnd:selfClosed "/>"
 │   │  │││╰─ tagParams.value
 │   │  ││╰─ tagParams "|y|"
 │   │  │╰─ tagShorthandClass.quasis[0]
 │   │  ╰─ tagShorthandClass ".x"
 ╰─  ╰─ tagName "tag"
5╭─ <tag#x(y)/>
 │   │  ││││ ╰─ openTagEnd:selfClosed "/>"
 │   │  │││╰─ tagArgs.value
 │   │  ││╰─ tagArgs "(y)"
 │   │  │╰─ tagShorthandId.quasis[0]
 │   │  ╰─ tagShorthandId "#x"
 ╰─  ╰─ tagName "tag"
6╭─ <tag#x|y|/>
 │   │  ││││ ╰─ openTagEnd:selfClosed "/>"
 │   │  │││╰─ tagParams.value
 │   │  ││╰─ tagParams "|y|"
 │   │  │╰─ tagShorthandId.quasis[0]
 │   │  ╰─ tagShorthandId "#x"
 ╰─  ╰─ tagName "tag"