1╭─ <a / >test</a>
 │  ││  ╰─ error(MISSING_TAG_VARIABLE:A slash was found that was not followed by a variable name or lhs expression)
 │  │╰─ tagName
 ╰─ ╰─ openTagStart