1╭─ <var foo='bar'/>
 │   │   │  ││    ╰─ openTagEnd:selfClosed "/>"
 │   │   │  │╰─ attrValue.value "'bar'"
 │   │   │  ╰─ attrValue "='bar'"
 │   │   ╰─ attrName "foo"
 ╰─  ╰─ tagName "var"