1╭─ <!DOCTYPE html>
 │  │ ╰─ doctype.value "DOCTYPE html"
 ╰─ ╰─ doctype "<!DOCTYPE html>"
2╭─ html [lang="en"]
 │  │     │   │╰─ attrValue.value "\"en\""
 │  │     │   ╰─ attrValue "=\"en\""
 │  │     ╰─ attrName "lang"
 ╰─ ╰─ tagName "html"
3╭─   body
 │  │ ╰─ tagName "body"
 ╰─ ╰─ openTagEnd(html)
4╭─     h1 -- Title
 │  │   │  │  ╰─ text "Title"
 │  │   │  ╰─ openTagEnd(h1)
 │  │   ╰─ tagName "h1"
 ╰─ ╰─ openTagEnd(body)
5╭─     script
 │  │   ╰─ tagName "script"
 ╰─ ╰─ closeTag(h1)
6╭─       ---
 ╰─ ╰─ openTagEnd(script)
7╭─       var a = 'marko';
 ╰─ ╰─ text "\n      var a = 'marko';\n"
8╭─       ---
 │           ├─ closeTag(html)
 │           ├─ closeTag(body)
 ╰─          ╰─ closeTag(script)