1╭─ <div foo='\"hello\"'>
 │  ││   │  ││          ╰─ openTagEnd
 │  ││   │  │╰─ attrValue.value "'\\\"hello\\\"'"
 │  ││   │  ╰─ attrValue "='\\\"hello\\\"'"
 │  ││   ╰─ attrName "foo"
 │  │╰─ tagName "div"
 ╰─ ╰─ openTagStart
2╭─     Hello World!
 ╰─ ╰─ text "\n    Hello World!\n"
3╭─ </div>
 │  │ │  ╰─ closeTagEnd(div)
 │  │ ╰─ closeTagName "div"
 ╰─ ╰─ closeTagStart "</"