1╭─ p
 ╰─ ╰─ tagName
2╭─     -- Paragraph: Line 1
 │  │      ╰─ text "Paragraph: Line 1"
 ╰─ ╰─ openTagEnd
3╭─     -- Paragraph: Line 2
 ╰─        ╰─ text "Paragraph: Line 2"
4╭─ -- Root: Line 1
 │  │  ╰─ text "Root: Line 1"
 ╰─ ╰─ closeTag(p)
5╭─ -- Root: Line 2
 ╰─    ╰─ text "Root: Line 2"