1╭─ div#foo
 │  │  ││  ├─ closeTag(div)
 │  │  ││  ╰─ openTagEnd
 │  │  │╰─ tagShorthandId.quasis[0] "foo"
 │  │  ╰─ tagShorthandId "#foo"
 ╰─ ╰─ tagName "div"